{
  "canonical": "G{2:n0;|P2:n0;9:authorize;o1;6:amount;12:a[6:amount;];2:n1;;C2:n1;r2:n0;[6:status;][10:\"approved\";2:n2;10:\"declined\";2:n3;]2:n4;;P2:n2;7:capture;k14:{\"token\":\"ok\"};2:n5;;F2:n3;k18:\"payment_declined\";;F2:n4;k16:\"unknown_status\";;R2:n5;k4:null;;}",
  "is_graph": true,
  "status": "ok",
  "type_check": "ok",
  "validate": "ok"
}
